2026-08-12 16:55:13,870 [__main__] INFO: Using Playwright (no Zyte API key found).
2026-08-12 16:55:13,871 [scrapy.utils.log] INFO: Scrapy 2.17.0 started (bot: scrapybot)
2026-08-12 16:55:13,885 [scrapy.utils.log] INFO: Versions:
{'lxml': '6.1.1',
 'libxml2': '2.14.6',
 'cssselect': '1.5.0',
 'parsel': '1.11.0',
 'w3lib': '2.4.1',
 'Twisted': '26.4.0',
 'Python': '3.12.13 (main, Aug  7 2026, 02:15:23) [Clang 22.1.3 ]',
 'pyOpenSSL': '26.4.0 (OpenSSL 4.0.1 9 Jun 2026)',
 'cryptography': '50.0.0',
 'Platform': 'macOS-26.6-arm64-arm-64bit'}
2026-08-12 16:55:13,885 [scrapy.crawler] DEBUG: Using CrawlerProcess
2026-08-12 16:55:13,886 [scrapy.addons] INFO: Enabled addons:
[]
2026-08-12 16:55:13,887 [asyncio] DEBUG: Using selector: KqueueSelector
2026-08-12 16:55:13,887 [scrapy.utils.log] DEBUG: Using reactor: twisted.internet.asyncioreactor.AsyncioSelectorReactor
2026-08-12 16:55:13,887 [scrapy.utils.log] DEBUG: Using asyncio event loop: asyncio.unix_events._UnixSelectorEventLoop
2026-08-12 16:55:13,891 [scrapy.extensions.telnet] INFO: Telnet Password: 0c8efa369692cff6
2026-08-12 16:55:13,894 [scrapy.middleware] INFO: Enabled extensions:
['scrapy.extensions.corestats.CoreStats',
 'scrapy.extensions.logcount.LogCount',
 'scrapy.extensions.telnet.TelnetConsole',
 'scrapy.extensions.memusage.MemoryUsage',
 'scrapy.extensions.logstats.LogStats']
2026-08-12 16:55:13,894 [scrapy.crawler] INFO: Overridden settings:
{'CONCURRENT_REQUESTS': 8,
 'CONCURRENT_REQUESTS_PER_DOMAIN': 4,
 'DOWNLOAD_TIMEOUT': 30,
 'LOG_ENABLED': False,
 'LOG_LEVEL': 'INFO',
 'USER_AGENT': 'Mozilla/5.0 (Macintosh; Intel Mac OS X 10_15_7) '
               'AppleWebKit/537.36 (KHTML, like Gecko) Chrome/131.0.0.0 '
               'Safari/537.36'}
2026-08-12 16:55:14,043 [scrapy.middleware] INFO: Enabled downloader middlewares:
['scrapy.downloadermiddlewares.offsite.OffsiteMiddleware',
 'scrapy.downloadermiddlewares.httpauth.HttpAuthMiddleware',
 'scrapy.downloadermiddlewares.downloadtimeout.DownloadTimeoutMiddleware',
 'scrapy.downloadermiddlewares.defaultheaders.DefaultHeadersMiddleware',
 'scrapy.downloadermiddlewares.useragent.UserAgentMiddleware',
 'scrapy.downloadermiddlewares.retry.RetryMiddleware',
 'scrapy.downloadermiddlewares.redirect.MetaRefreshMiddleware',
 'scrapy.downloadermiddlewares.httpcompression.HttpCompressionMiddleware',
 'scrapy.downloadermiddlewares.redirect.RedirectMiddleware',
 'scrapy.downloadermiddlewares.cookies.CookiesMiddleware',
 'scrapy.downloadermiddlewares.httpproxy.HttpProxyMiddleware',
 'scrapy.downloadermiddlewares.stats.DownloaderStats']
2026-08-12 16:55:14,044 [scrapy.middleware] INFO: Enabled spider middlewares:
['scrapy.spidermiddlewares.start.StartSpiderMiddleware',
 'scrapy.spidermiddlewares.httperror.HttpErrorMiddleware',
 'scrapy.spidermiddlewares.referer.RefererMiddleware',
 'scrapy.spidermiddlewares.urllength.UrlLengthMiddleware',
 'scrapy.spidermiddlewares.depth.DepthMiddleware']
2026-08-12 16:55:14,044 [scrapy.middleware] INFO: Enabled item pipelines:
[]
2026-08-12 16:55:14,045 [scrapy.core.engine] INFO: Spider opened
2026-08-12 16:55:14,047 [scrapy.extensions.logstats] INFO: Crawled 0 pages (at 0 pages/min), scraped 0 items (at 0 items/min)
2026-08-12 16:55:14,048 [scrapy.extensions.telnet] INFO: Telnet console listening on 127.0.0.1:6023
2026-08-12 16:55:14,048 [scrapy-playwright] INFO: Starting download handler. Versions: scrapy-playwright==0.0.48, Playwright==1.62.0
2026-08-12 16:55:14,048 [scrapy-playwright] INFO: Starting download handler. Versions: scrapy-playwright==0.0.48, Playwright==1.62.0
2026-08-12 16:55:14,408 [scrapy-playwright] INFO: Launching 1 startup context(s)
2026-08-12 16:55:14,408 [scrapy-playwright] INFO: Launching 1 startup context(s)
2026-08-12 16:55:14,408 [scrapy-playwright] INFO: Launching browser chromium
2026-08-12 16:55:14,412 [scrapy-playwright] INFO: Launching browser chromium
2026-08-12 16:55:14,629 [scrapy-playwright] INFO: Browser chromium launched
2026-08-12 16:55:14,630 [scrapy-playwright] INFO: Browser chromium launched
2026-08-12 16:55:14,634 [scrapy-playwright] DEBUG: Browser context started: 'default' (persistent=False, remote=False)
2026-08-12 16:55:14,634 [scrapy-playwright] DEBUG: Browser context started: 'default' (persistent=False, remote=False)
2026-08-12 16:55:14,634 [scrapy-playwright] INFO: Startup context(s) launched
2026-08-12 16:55:14,634 [scrapy-playwright] INFO: Startup context(s) launched
2026-08-12 16:55:14,794 [scrapy-playwright] DEBUG: [Context=default] New page created, page count is 1 (1 for all contexts)
2026-08-12 16:55:14,807 [scrapy-playwright] DEBUG: [Context=default] Request: <GET https://propiedades.com/chihuahua-chihuahua/venta/hasta-3000000-pesos> (resource type: document)
2026-08-12 16:55:44,839 [scrapy.downloadermiddlewares.retry] DEBUG: Retrying <GET https://propiedades.com/chihuahua-chihuahua/venta/hasta-3000000-pesos> (failed 1 times): Getting https://propiedades.com/chihuahua-chihuahua/venta/hasta-3000000-pesos took longer than 30.0 seconds.
2026-08-12 16:56:14,049 [scrapy.extensions.logstats] INFO: Crawled 0 pages (at 0 pages/min), scraped 0 items (at 0 items/min)
2026-08-12 16:56:15,045 [scrapy.downloadermiddlewares.retry] DEBUG: Retrying <GET https://propiedades.com/chihuahua-chihuahua/venta/hasta-3000000-pesos> (failed 2 times): Getting https://propiedades.com/chihuahua-chihuahua/venta/hasta-3000000-pesos took longer than 30.0 seconds.
2026-08-12 16:56:45,251 [scrapy.downloadermiddlewares.retry] ERROR: Gave up retrying <GET https://propiedades.com/chihuahua-chihuahua/venta/hasta-3000000-pesos> (failed 3 times): Getting https://propiedades.com/chihuahua-chihuahua/venta/hasta-3000000-pesos took longer than 30.0 seconds.
2026-08-12 16:56:45,357 [scrapy.core.engine] INFO: Closing spider (finished)
2026-08-12 16:56:45,359 [scrapy.statscollectors] INFO: Dumping Scrapy stats:
{'downloader/exception_count': 4,
 'downloader/exception_type_count/playwright._impl._errors.Error': 1,
 'downloader/exception_type_count/scrapy.exceptions.DownloadTimeoutError': 3,
 'downloader/request_bytes': 1388,
 'downloader/request_count': 4,
 'downloader/request_method_count/GET': 4,
 'elapsed_time_seconds': 91.31142654200085,
 'finish_reason': 'finished',
 'finish_time': datetime.datetime(2026, 8, 12, 22, 56, 45, 358577, tzinfo=datetime.timezone.utc),
 'items_per_minute': 0.0,
 'log_count/ERROR': 1,
 'log_count/INFO': 14,
 'memusage/max': 90374144,
 'memusage/startup': 83460096,
 'playwright/browser_count': 2,
 'playwright/context_count': 2,
 'playwright/context_count/max_concurrent': 1,
 'playwright/context_count/persistent/False': 2,
 'playwright/context_count/remote/False': 2,
 'playwright/page_count': 1,
 'playwright/page_count/max_concurrent': 1,
 'playwright/request_count': 1,
 'playwright/request_count/method/GET': 1,
 'playwright/request_count/navigation': 1,
 'playwright/request_count/resource_type/document': 1,
 'responses_per_minute': 0.0,
 'retry/count': 2,
 'retry/max_reached': 1,
 'retry/reason_count/scrapy.exceptions.DownloadTimeoutError': 2,
 'scheduler/dequeued': 4,
 'scheduler/dequeued/memory': 4,
 'scheduler/enqueued': 4,
 'scheduler/enqueued/memory': 4,
 'start_time': datetime.datetime(2026, 8, 12, 22, 55, 14, 47615, tzinfo=datetime.timezone.utc)}
2026-08-12 16:56:45,359 [scrapy.core.engine] INFO: Spider closed (finished)
2026-08-12 16:56:45,360 [scrapy-playwright] INFO: Closing download handler
2026-08-12 16:56:45,375 [scrapy-playwright] DEBUG: Browser context closed: 'default' (persistent=False, remote=False)
2026-08-12 16:56:45,376 [scrapy-playwright] INFO: Closing browser
2026-08-12 16:56:45,382 [scrapy-playwright] DEBUG: Browser disconnected
2026-08-12 16:56:45,400 [scrapy-playwright] INFO: Closing download handler
2026-08-12 16:56:45,406 [scrapy-playwright] DEBUG: Browser context closed: 'default' (persistent=False, remote=False)
2026-08-12 16:56:45,406 [scrapy-playwright] INFO: Closing browser
2026-08-12 16:56:45,409 [scrapy-playwright] DEBUG: Browser disconnected
2026-08-12 16:56:50,023 [__main__] INFO: Using Playwright (no Zyte API key found).
2026-08-12 16:56:50,024 [scrapy.utils.log] INFO: Scrapy 2.17.0 started (bot: scrapybot)
2026-08-12 16:56:50,035 [scrapy.utils.log] INFO: Versions:
{'lxml': '6.1.1',
 'libxml2': '2.14.6',
 'cssselect': '1.5.0',
 'parsel': '1.11.0',
 'w3lib': '2.4.1',
 'Twisted': '26.4.0',
 'Python': '3.12.13 (main, Aug  7 2026, 02:15:23) [Clang 22.1.3 ]',
 'pyOpenSSL': '26.4.0 (OpenSSL 4.0.1 9 Jun 2026)',
 'cryptography': '50.0.0',
 'Platform': 'macOS-26.6-arm64-arm-64bit'}
2026-08-12 16:56:50,035 [scrapy.crawler] DEBUG: Using CrawlerProcess
2026-08-12 16:56:50,036 [scrapy.addons] INFO: Enabled addons:
[]
2026-08-12 16:56:50,037 [asyncio] DEBUG: Using selector: KqueueSelector
2026-08-12 16:56:50,037 [scrapy.utils.log] DEBUG: Using reactor: twisted.internet.asyncioreactor.AsyncioSelectorReactor
2026-08-12 16:56:50,037 [scrapy.utils.log] DEBUG: Using asyncio event loop: asyncio.unix_events._UnixSelectorEventLoop
2026-08-12 16:56:50,040 [scrapy.extensions.telnet] INFO: Telnet Password: 2001753d6e62e058
2026-08-12 16:56:50,044 [scrapy.middleware] INFO: Enabled extensions:
['scrapy.extensions.corestats.CoreStats',
 'scrapy.extensions.logcount.LogCount',
 'scrapy.extensions.telnet.TelnetConsole',
 'scrapy.extensions.memusage.MemoryUsage',
 'scrapy.extensions.logstats.LogStats']
2026-08-12 16:56:50,044 [scrapy.crawler] INFO: Overridden settings:
{'CONCURRENT_REQUESTS': 8,
 'CONCURRENT_REQUESTS_PER_DOMAIN': 4,
 'DOWNLOAD_TIMEOUT': 30,
 'LOG_ENABLED': False,
 'LOG_LEVEL': 'INFO',
 'USER_AGENT': 'Mozilla/5.0 (Macintosh; Intel Mac OS X 10_15_7) '
               'AppleWebKit/537.36 (KHTML, like Gecko) Chrome/131.0.0.0 '
               'Safari/537.36'}
2026-08-12 16:56:50,173 [scrapy.middleware] INFO: Enabled downloader middlewares:
['scrapy.downloadermiddlewares.offsite.OffsiteMiddleware',
 'scrapy.downloadermiddlewares.httpauth.HttpAuthMiddleware',
 'scrapy.downloadermiddlewares.downloadtimeout.DownloadTimeoutMiddleware',
 'scrapy.downloadermiddlewares.defaultheaders.DefaultHeadersMiddleware',
 'scrapy.downloadermiddlewares.useragent.UserAgentMiddleware',
 'scrapy.downloadermiddlewares.retry.RetryMiddleware',
 'scrapy.downloadermiddlewares.redirect.MetaRefreshMiddleware',
 'scrapy.downloadermiddlewares.httpcompression.HttpCompressionMiddleware',
 'scrapy.downloadermiddlewares.redirect.RedirectMiddleware',
 'scrapy.downloadermiddlewares.cookies.CookiesMiddleware',
 'scrapy.downloadermiddlewares.httpproxy.HttpProxyMiddleware',
 'scrapy.downloadermiddlewares.stats.DownloaderStats']
2026-08-12 16:56:50,174 [scrapy.middleware] INFO: Enabled spider middlewares:
['scrapy.spidermiddlewares.start.StartSpiderMiddleware',
 'scrapy.spidermiddlewares.httperror.HttpErrorMiddleware',
 'scrapy.spidermiddlewares.referer.RefererMiddleware',
 'scrapy.spidermiddlewares.urllength.UrlLengthMiddleware',
 'scrapy.spidermiddlewares.depth.DepthMiddleware']
2026-08-12 16:56:50,174 [scrapy.middleware] INFO: Enabled item pipelines:
[]
2026-08-12 16:56:50,174 [scrapy.core.engine] INFO: Spider opened
2026-08-12 16:56:50,177 [scrapy.extensions.logstats] INFO: Crawled 0 pages (at 0 pages/min), scraped 0 items (at 0 items/min)
2026-08-12 16:56:50,178 [scrapy.extensions.telnet] INFO: Telnet console listening on 127.0.0.1:6023
2026-08-12 16:56:50,178 [scrapy-playwright] INFO: Starting download handler. Versions: scrapy-playwright==0.0.48, Playwright==1.62.0
2026-08-12 16:56:50,178 [scrapy-playwright] INFO: Starting download handler. Versions: scrapy-playwright==0.0.48, Playwright==1.62.0
2026-08-12 16:56:50,356 [scrapy-playwright] INFO: Launching 1 startup context(s)
2026-08-12 16:56:50,356 [scrapy-playwright] INFO: Launching browser chromium
2026-08-12 16:56:50,360 [scrapy-playwright] INFO: Launching 1 startup context(s)
2026-08-12 16:56:50,360 [scrapy-playwright] INFO: Launching browser chromium
2026-08-12 16:56:50,469 [scrapy-playwright] INFO: Browser chromium launched
2026-08-12 16:56:50,470 [scrapy-playwright] INFO: Browser chromium launched
2026-08-12 16:56:50,477 [scrapy-playwright] DEBUG: Browser context started: 'default' (persistent=False, remote=False)
2026-08-12 16:56:50,477 [scrapy-playwright] INFO: Startup context(s) launched
2026-08-12 16:56:50,477 [scrapy-playwright] DEBUG: Browser context started: 'default' (persistent=False, remote=False)
2026-08-12 16:56:50,477 [scrapy-playwright] INFO: Startup context(s) launched
2026-08-12 16:56:50,537 [scrapy-playwright] DEBUG: [Context=default] New page created, page count is 1 (1 for all contexts)
2026-08-12 16:56:50,552 [scrapy-playwright] DEBUG: [Context=default] Request: <GET https://propiedades.com/chihuahua-chihuahua/venta/hasta-3000000-pesos> (resource type: document)
2026-08-12 16:57:20,686 [scrapy.downloadermiddlewares.retry] DEBUG: Retrying <GET https://propiedades.com/chihuahua-chihuahua/venta/hasta-3000000-pesos> (failed 1 times): Getting https://propiedades.com/chihuahua-chihuahua/venta/hasta-3000000-pesos took longer than 30.0 seconds.
